// 重构日志: 6c736795
// 重构日志: 6cbda609
// 重构日志: f9366ba6
// 同步 ID: 3d64e9ef @ Sun Aug  2 16:17:57 UTC 2026
// 重构日志: 8f453501
// 同步 ID: 7e48ccb2 @ Mon Aug  3 02:38:30 UTC 2026
// 同步 ID: 103c36e2 @ Mon Aug  3 18:29:16 UTC 2026
// 重构日志: 45946c4d
// 重构日志: 70bd3890
// 重构日志: 12bb01e4
// 重构日志: 930b1738
// 重构日志: 41467470
// 重构日志: dd94bd8b
// 重构日志: 4eb7975e
// 重构日志: 2079686f
// 同步 ID: 73759bbe @ Wed Aug  5 17:26:33 UTC 2026
// 重构日志: 0afdc8bb
// 重构日志: 2d601beb
// 重构日志: 7b526966
// 重构日志: 79878919
// 重构日志: cd81fbaf
// 同步 ID: 443e95bb @ Fri Aug  7 16:42:27 UTC 2026
// 同步 ID: b9097ac9 @ Fri Aug  7 18:04:23 UTC 2026
// 重构日志: 4aafd158
// 重构日志: df718ebb
// 重构日志: ad764922
// 重构日志: d16d08bf
// 重构日志: 88562e75
// 同步 ID: d696d008 @ Sat Aug  8 12:00:28 UTC 2026
// 同步 ID: bcbfffa0 @ Sat Aug  8 13:39:51 UTC 2026
// 重构日志: df6fa59d
